src/emergency-requests/emergency-requests.service.ts(262,9): error TS2353: Object literal may only specify known properties, and 'employeeType' does not exist in type 'EmployeeWhereInput'.
src/employees/employees.controller.ts(18,10): error TS2724: '"@prisma/client"' has no exported member named 'EmployeeType'. Did you mean 'Employee'?
src/employees/employees.service.ts(2,10): error TS2724: '"@prisma/client"' has no exported member named 'EmployeeType'. Did you mean 'Employee'?
src/employees/employees.service.ts(12,11): error TS2322: Type '{ employeeType: EmployeeType; } | {}' is not assignable to type 'EmployeeWhereInput'.
  Object literal may only specify known properties, and 'employeeType' does not exist in type 'EmployeeWhereInput'.
src/employees/employees.service.ts(56,9): error TS2559: Type 'string' has no properties in common with type 'DepartmentCreateNestedOneWithoutEmployeesInput'.
